mode: set
module06/internal/app/handlers/hello/hello.go:15.54,18.28 2 0
module06/internal/app/handlers/hello/hello.go:18.28,21.3 2 0
module06/internal/app/handlers/hello/hello.go:23.2,24.18 2 0
module06/cmd/app/main.go:8.13,11.2 2 0
module06/test/gomock/mocks/postmock/post_client_mock.go:26.57,30.2 3 0
module06/test/gomock/mocks/postmock/post_client_mock.go:33.55,35.2 1 0
module06/test/gomock/mocks/postmock/post_client_mock.go:38.53,44.2 5 0
module06/test/gomock/mocks/postmock/post_client_mock.go:47.58,50.2 2 0
module06/internal/app/processors/counter/post_counter.go:6.49,8.16 2 1
module06/internal/app/processors/counter/post_counter.go:8.16,10.3 1 1
module06/internal/app/processors/counter/post_counter.go:12.2,12.24 1 1
module06/internal/pkg/util/util.go:8.45,10.9 2 1
module06/internal/pkg/util/util.go:10.9,12.3 1 1
module06/internal/pkg/util/util.go:14.2,15.13 2 1
module06/internal/pkg/util/util.go:15.13,17.50 2 1
module06/internal/pkg/util/util.go:17.50,19.4 1 1
module06/internal/pkg/util/util.go:21.3,21.10 1 1
module06/internal/pkg/util/util.go:24.2,24.20 1 1
module06/internal/pkg/util/util.go:28.41,30.25 2 1
module06/internal/pkg/util/util.go:30.25,31.26 1 1
module06/internal/pkg/util/util.go:31.26,33.4 1 1
module06/internal/pkg/util/util.go:35.3,35.22 1 1
module06/internal/pkg/util/util.go:38.2,38.14 1 1
module06/internal/pkg/util/util.go:42.31,43.36 1 1
module06/internal/pkg/util/util.go:43.36,45.3 1 1
module06/internal/pkg/util/util.go:47.2,48.22 2 1
module06/internal/pkg/util/util.go:48.22,52.3 3 1
module06/internal/pkg/util/util.go:54.2,54.48 1 1
module06/internal/pkg/util/util.go:58.21,59.11 1 1
module06/internal/pkg/util/util.go:59.11,61.3 1 1
module06/internal/pkg/util/util.go:63.2,63.28 1 1
module06/internal/pkg/util/util.go:67.29,69.25 2 1
module06/internal/pkg/util/util.go:69.25,71.3 1 1
module06/internal/pkg/util/util.go:73.2,73.10 1 1
module06/internal/pkg/util/util.go:77.56,78.20 1 1
module06/internal/pkg/util/util.go:78.20,80.3 1 1
module06/internal/pkg/util/util.go:81.2,81.22 1 1
module06/internal/pkg/util/util.go:81.22,83.3 1 1
module06/internal/pkg/util/util.go:85.2,85.10 1 1
module06/internal/app/services/post/client.go:21.25,23.2 1 0
module06/internal/app/services/post/client.go:25.48,29.16 3 0
module06/internal/app/services/post/client.go:29.16,31.3 1 0
module06/internal/app/services/post/client.go:32.2,35.16 3 0
module06/internal/app/services/post/client.go:35.16,37.3 1 0
module06/internal/app/services/post/client.go:39.2,40.53 2 0
module06/internal/app/services/post/client.go:40.53,42.3 1 0
module06/internal/app/services/post/client.go:44.2,44.19 1 0
